#max_provinces = 14660
definitions = "definition.csv"
provinces = "provinces.png"
#positions = "positions.txt"
rivers = "rivers.png"
#terrain_definition = "terrain.txt"
topology = "heightmap.heightmap"
#tree_definition = "trees.bmp"
continent = "continent.txt"
adjacencies = "adjacencies.csv"
#climate = "climate.txt"
island_region = "island_region.txt"
seasons = "seasons.txt"

#####################
# China
#####################

#LAKES
lakes = RANGE { 8984 8988 } #great lakes
lakes = LIST { 11989 }
sea_zones = RANGE { 8980 8983 } #great lakes & Channels
sea_zones = RANGE { 8989 8992 } #great lakes
sea_zones = RANGE { 11129 11135 } #great lakes

impassable_mountains = RANGE { 9661 9667 }
impassable_mountains = LIST { 9738 9800 10304 10477 11128 12208 }
impassable_mountains = LIST { 9913 10456 10457 10533 10534 10550 11465 11470 11471 }   #Dadu river

impassable_mountains = LIST { 10047 } #Eggs
impassable_mountains = LIST { 10864 11981 11982 } #Cave Temple
impassable_mountains = LIST { 10991 9886 } #tunguse bohuandao droped
impassable_mountains = LIST { 12319 12320 } #tunguse

#WASTELANDS#
impassable_mountains = RANGE { 10928 10980 } #
impassable_mountains = RANGE { 10983 11027 } #
impassable_mountains = RANGE { 11096 11103 }
impassable_mountains = RANGE { 11105 11126 }

#RIVERS
river_provinces = RANGE { 11028 11038 } #Yangtse
river_provinces = RANGE { 11041 11046 } #Yellow
river_provinces = RANGE { 12077 12097 } #NEW RIVERS
sea_zones = RANGE { 11039 11040 }
sea_zones = RANGE { 12098 12111 }

#China Seas#
sea_zones = RANGE { 11047 11085 }
sea_zones = RANGE { 11087 11093 }
sea_zones = LIST { 11095 11979 11980 11396 11397 }


#UNUSED#
impassable_mountains = RANGE { 11389 11395 }
impassable_mountains = RANGE { 11398 11404 }
impassable_mountains = LIST { 11387 12029 }
#####################
# Japan
#####################

impassable_mountains = RANGE { 10925 10927 } #old Ryukyu

impassable_mountains = RANGE { 11379 11385 }
impassable_mountains = LIST { 11372 11307 } # 11313

sea_zones = LIST { 11299 11338 11339 11343 11344 11356 11357 11365 }
sea_zones = RANGE { 11374 11378 }

#####################
# Southeast
#####################

sea_zones = RANGE { 11898 11905 }
sea_zones = RANGE { 11909 11970 }
sea_zones = RANGE { 11973 11974 }
river_provinces = RANGE { 11893 11895 } #Mekong River
river_provinces = RANGE { 11975 11978 } #Mekong River

impassable_mountains = LIST { 10453 }
impassable_mountains = LIST { 11472 11476 11477 11480 11482 11485 11486 11489 11491 11495 11496 11498 11500 }
impassable_mountains = LIST { 11505 11506 11510 11513 11516 11518 11520 11776 11777 11826  }

#############
# SEA ZONES
#############
# European Seas
sea_zones = RANGE { 632 641 }
sea_zones = RANGE { 643 649 }
sea_zones = RANGE { 661 667 }
sea_zones = RANGE { 683 688 }
sea_zones = RANGE { 690 700 }
sea_zones = RANGE { 708 715 }
sea_zones = RANGE { 722 729 }
sea_zones = RANGE { 936 942 }
sea_zones = RANGE { 945 954 }
sea_zones = RANGE { 958 960 }
sea_zones = RANGE { 964 970 }
sea_zones = RANGE { 973 975 }
sea_zones = LIST { 660 977 }
sea_zones = RANGE { 980 982 }
sea_zones = RANGE { 985 997 }
sea_zones = RANGE { 999 1012 }
sea_zones = RANGE { 1014 1017 }
sea_zones = RANGE { 1019 1025 }
sea_zones = RANGE { 1027 1038 }
sea_zones = RANGE { 1109 1111 }
sea_zones = RANGE { 3229 3230 }

#North European Seas
sea_zones = RANGE { 8613 8617 } #Iceland, Shetlands, Norway
sea_zones = RANGE { 8618 8622 } #French & Iberian atlantic coasts

#Mediterranean Seas
sea_zones = RANGE { 8626 8648 }	#Western Mediterranean
sea_zones = RANGE { 8649 8653 } #Adriatic Mediterranean
sea_zones = RANGE { 8654 8666 }	#Eastern Mediterranean
sea_zones = LIST { 8740 }

#Black, Azov, Caspian & Aral Seas
sea_zones = RANGE { 8667 8672 }

#Middle Eastern Seas
sea_zones = LIST { 8673 }
sea_zones = RANGE { 8674 8675 }	#Gulf of Aden
sea_zones = RANGE { 8676 8677 }	#Somali Sea
sea_zones = RANGE { 8678 8679 }	#Persian Gulf
sea_zones = RANGE { 8680 8682 }	#Arabian Sea

#Indian Seas
sea_zones = RANGE { 1382 1407 }
sea_zones = RANGE { 1409 1412 }
sea_zones = RANGE { 8684 8689 }	#Bay of Bengal
sea_zones = LIST { 8683 }	#Maldives

#African Seas
sea_zones = RANGE { 8692 8700 } #West Africa & Gulf of Guinea

sea_zones = LIST { 1062 1064 }

# Non-accessible sea zones
sea_zones = LIST { 944 1470 }
sea_zones = LIST { 8623 8624 8625 }

###############
# MAJOR RIVERS
###############
#European rivers
river_provinces = RANGE { 628 630 }		#Thames
river_provinces = RANGE { 456 457 }		#Bengal Delta
river_provinces = RANGE { 5855 5857 }	#Dvina
river_provinces = RANGE { 1052 1061 }
river_provinces = RANGE { 1070 1075 }
river_provinces = RANGE { 1085 1087 }
river_provinces = RANGE { 1090 1106 }
river_provinces = RANGE { 3223 3228 }
river_provinces = RANGE { 3231 3252 }
river_provinces = RANGE { 3253 3254 }	#Guadalquivir
river_provinces = RANGE { 8586 8587 }	#Dvina
river_provinces = RANGE { 8558 8559 }	#Norway Fjords

#Russian rivers
river_provinces = RANGE { 8561 8562 }	#Dniestr
river_provinces = RANGE { 8563 8567 }	#Dniepr
river_provinces = RANGE { 8569 8570 }	#Volkhov & Lovat
river_provinces = RANGE { 8583 8585 }	#Don
river_provinces = RANGE { 8578 8582 }	#Volga
river_provinces = RANGE { 8574 8576 }	#Oka

#Indian rivers
river_provinces = RANGE { 1307 1309 }	#Indus
river_provinces = RANGE { 1311 1316 }	#Ganges & Brahmaputra
river_provinces = RANGE { 8588 8589 }	#Indus
river_provinces = RANGE { 8590 8592 }	#Chenab
river_provinces = RANGE { 8593 8594 }	#Tapti
river_provinces = RANGE { 8595 8596 }	#Kollidam
river_provinces = RANGE { 8597 8599 }	#Krishna
river_provinces = RANGE { 8600 8601 }	#Mahanadi
river_provinces = RANGE { 8603 8605 }	#Brahmaputra
river_provinces = RANGE { 8606 8611 }	#Irrawaddy

#African rivers
river_provinces = LIST { 8612 8702 1317 }	#West African rivers
river_provinces = RANGE { 6026 6029 }	# Nile
river_provinces = RANGE { 6126 6128 }	# Euphrates
river_provinces = RANGE { 6791 6796 }	# Niger
river_provinces = RANGE { 8092 8096 }	# Niger

river_provinces = LIST { 626 689 1063 1065 1066 1067 1077 1078 1079 1081 1082 1083 1084 1487 5510 5511 6125 }
river_provinces = LIST { 8560 8568 8571 8572 8573 8577 8602 }

########
# LAKES
########
lakes = LIST { 943 955 956 957 979 983 1018 1026 1069 1076 1080 1088 1107 1305 1348 1486 1488 3265 8736 8737 8738 }
lakes = RANGE { 961 963 } #Värnen, Vättern & Hjälmaren
lakes = RANGE { 1472 1484 }
lakes = RANGE { 1490 1494 }
lakes = RANGE { 1496 1498 }
lakes = LIST { 5854 }	#Bjarmaland lakes
lakes = LIST { 5858 }	#Western Siberian lakes
lakes = LIST { 7208 }	#Oghuz lakes
lakes = LIST { 7513 }	#Dzungar lakes
lakes = RANGE { 8519 8525 }	#African lakes
lakes = LIST { 9000 9001 }	#Lop Nur Lake & Bosten Lake

#####################
# IMPASSABLE TERRAIN
#####################
# Can be colored by whoever owns the most of the province's neighbours.
# Blocks unit movement.

#Africa
impassable_mountains = LIST { 1049 1050 1051 1068 1080 1088 1089 3294 }
impassable_mountains = RANGE { 790 807 }
impassable_mountains = RANGE { 1045 1046 }
impassable_mountains = RANGE { 1047 1048 }
impassable_mountains = LIST { 1334 }
impassable_mountains = RANGE { 6583 6589 }
impassable_mountains = RANGE { 6592 6600 }
impassable_mountains = RANGE { 6603 6607 }
impassable_mountains = RANGE { 6416 6426 }
impassable_mountains = RANGE { 6788 6790 }
impassable_mountains = RANGE { 6902 6904 }
impassable_mountains = RANGE { 6998 6999 }
impassable_mountains = RANGE { 8089 8091 }
impassable_mountains = RANGE { 8097 8099 }
impassable_mountains = RANGE { 8439 8449 }

#Anatolia
impassable_mountains = RANGE { 5685 5688 }

#Armenia & Georgia
impassable_mountains = RANGE { 5795 5797 }

#Balkans
impassable_mountains = RANGE { 1039 1044 }
impassable_mountains = RANGE { 3295 3299 }

#Bjarmaland
impassable_mountains = LIST { 5852 5853 }

#Bohemia, France, Germany, Italy
impassable_mountains = RANGE { 763 789 }

#Burma
impassable_mountains = LIST { 9566 9567 }

#Carpathia
impassable_mountains = LIST { 642 894 4898 }
impassable_mountains = RANGE { 716 721 }
impassable_mountains = RANGE { 732 733 }
impassable_mountains = RANGE { 3949 3952 }

#Caucasus
impassable_mountains = LIST { 5515 8557 }
impassable_mountains = LIST { 1417 1428 1429 1436 } #Azerbaijan

#Iberia
impassable_mountains = LIST { 659 }
impassable_mountains = RANGE { 3300 3306 }

#Indian ghats
impassable_mountains = LIST { 7796 7942 7943 }
impassable_mountains = RANGE { 7936 7940 }

#Kazakh Steppe
impassable_mountains = LIST { 7352 7353 7354 8710 }

#Mongolia, Tarim & Dzungaria
impassable_mountains = LIST { 7512 } #Gurbantünggüt desert
impassable_mountains = RANGE { 7781 7786 }	#Mongolia

#Persia
impassable_mountains = RANGE { 3289 3292 }
impassable_mountains = LIST { 1437 1471 1485 }
impassable_mountains = LIST { 2580 2601 2667 2668 2702 2716 2718 2734 2740 2754 2881 }
impassable_mountains = LIST { 2884 2908 2929 2930 2944 2974 2996 3002 3011 3022 3026 }
impassable_mountains = LIST { 3029 3031 3036 }

#Russia
impassable_mountains = RANGE { 5516 5518 }
impassable_mountains = LIST { 972 8703 }

#Scandinavia & Finland & Iceland
impassable_mountains = RANGE { 650 658 }
impassable_mountains = RANGE { 3260 3264 }
impassable_mountains = LIST { 281 299 899 902 935 971 3307 }

#Siberia & Tartaria
impassable_mountains = RANGE { 5859 5864 }
impassable_mountains = RANGE { 7055 7056 }
impassable_mountains = RANGE { 7452 7454 }

#Tarim Basin
impassable_mountains = LIST { 1347 } #Taklamakan
impassable_mountains = LIST { 1408 9621 } #Gobi Desert

#Tartaria Mountains
impassable_mountains = RANGE { 8704 8708 }	#Altaishan
impassable_mountains = LIST { 1495 } #Altaishan
impassable_mountains = LIST { 734 1501 1550 1614 2486 2539 8709 9660 } #Tianshan  
impassable_mountains = LIST { 3037 3071 3104 3123 3150 3179 3255 3293 3612 4059 4255 4281 4282 } #Kunlunshan
impassable_mountains = LIST { 5913 5997 7787 7941} #Tibet impassable
impassable_mountains = RANGE { 8526 8538 } #Tibet impassable
impassable_mountains = RANGE { 8539 8543} #Gobi desert
impassable_mountains = RANGE { 8544 8556 } #Himalaya

#Turkestan
impassable_mountains = LIST { 1489 7209 7213 7214 7215 }

#Western Europe
impassable_mountains = RANGE { 3256 3257 }
impassable_mountains = RANGE { 3308 3314 }
impassable_mountains = LIST { 2484 3259 }

############
# WASTELAND
############
# These are actually supposed to be Wasteland:
# Cannot be colored. Blocks unit movement, used for things like Sahara desert. 

impassable_mountains = LIST { 730 731 8711 }
impassable_mountains = LIST { 1470 1468 1466 1469 1464 }
impassable_mountains = LIST { 3390 3970 }
impassable_mountains = LIST { 5512 5513 5514 }
impassable_mountains = LIST { 5755 }
impassable_mountains = LIST { 1107 1108 1280 6114 } #Eastern desert
impassable_mountains = LIST { 6115 } #Libyan desert
impassable_mountains = LIST { 1320 1322 6123 } #Sinai desert
impassable_mountains = LIST { 1343 1344 1373 1379 1380 6124 } #Syrian desert
impassable_mountains = LIST { 1326 1330 1332 1335 6167 6173 6202 6256 6318 6319 6320 }
impassable_mountains = LIST { 6142 6277 6323 6324 6325 6326 6327 6328 }
impassable_mountains = LIST { 7210 7211 7212 }

# IMPASSABLE SEA ZONES
# These sea provinces cannot be crossed/sailed
impassable_seas = LIST { 976 978 984 998 1293 1465 1467 8690 8691 8701 11063 11094 12378 }

# UNUSED PROVINCES
# These provinces cause issues because they are passable land, but not part of any title.
# They are probably not visible anywhere on the map, so feel free to reuse them (after double checking that they are actually missing).
impassable_mountains = RANGE { 8802 8978 }
impassable_mountains = LIST { 3222 }
